### pacman -Qqd + pacman -Qqe = pacman -Qqm + pacman -Qqn
### d = installed as dependency
### e = explicitely installed
### m = foreign (~ pacaur)
### n = native (~ pacman)
### packages groups:
### (for p in $(pacman -Qqe); do pacman -Qi $p | egrep '^Group' | grep -v None | cut -d: -f2 | tr -s ' ' '\n'; done) | sort -u
### number of packages in groups:
### for g in $((for p in $(pacman -Qqe); do pacman -Qi $p | egrep '^Group' | grep -v None | cut -d: -f2 | tr -s ' ' '\n'; done) | sort -u); do pacman -Qqg $g | wc -l; done

### Audio, video, communications
alsa-utils
### the next 2 will also require sudo pip3 install youtube_dl dbus-python gobject
mps-youtube # listen to youtube in the terminal
mpv # player for mps-youtube
vivaldi # GUI browser
vivaldi-ffmpeg-codecs # multimedia in vivaldi
links # view html email in mutt

### Mail
neomutt
#offlineimap
#notmuch

### Network
bind-tools
gnu-netcat
ngrep
nmap
openssh
rfkill
rsync
tcpdump
wget
whois
wpa_actiond
wpa_supplicant

### Security
pass # password management
pwgen # quick password generator

### Code
diff-so-fancy # nicer diffs for git
docker (?)
go
go-tools
lua
python
python2
ruby
vagrant (?)
virtualbox (?)

### Window management
dmenu

### System tools
rxvt-unicode # terminal
urxvt-perls # extra scripts for terminal (e.g. clickable url)
xorg-xfontsel
xorg-xinit
xorg-xlsfonts
dmidecode
evemu # get system info (e.g. keyboard keycodes)
htop
jq
lesspipe # colorised less (see alias)
lm_sensors
lsof
namcap (verifier)
scrot # screenshots
slock # screen lock
stow # dotfiles management
tree
unzip
zip
gvim # rather than vim (to have +clipboard)

### Others
reflector # update repos
screenfetch # quick system info

### Fonts
ttf-dejavu
ttf-inconsolata

### Pacaur
asoundconf # to quickly change the default sound output (internal/hdmi)
browserpass # to retrieve passwords in the browser (also requires browser plugin)
ccat-git # colorised cat output (see the alias)
cower # required by pacaur (?)
goobook-git # address completion & mgmt for mutt
mons # to manage monitors
nvm # not sure why I installed it
pacaur # to manage the AUR
ttf-monaco
ttf-monofur
urxvt-resize-font-git # resize the terminal fonts with ^-+=

# urlview (not really necessary since already handled with urxvt perl script)
# slack-desktop

### [Backup](https://bbs.archlinux.org/viewtopic.php?pid=586731#p586731)
### pacman -Qqm lists foreign packages; which, for must users, means AUR
### pacman -Qqe lists packages that were explicitely installed.
### that said,
###   pacman -Qqe | grep -v "$(pacman -Qqm)" > pacman.lst
### and
###   cat pacman.lst | xargs pacman -S --needed --noconfirm
### are the best backup/restore lines i've seen (don't remember where i got them tho).
### that will install only the packages you don't have installed already as well as pull in any needed deps.  after that, -Syu and you're good to go.

### vivaldi extensions
browserpass
full page screen capture
google dictionary
postman
rss feed reader (todo: add the feeds here)
